[    1575ms] [INFO] %cDownload the React DevTools for a better development experience: https://react.dev/link/react-devtools font-weight:bold @ webpack-internal:///(app-pages-browser)/./node_modules/next/dist/compiled/react-dom/cjs/react-dom-client.development.js:25630
[    4974ms] [WARNING] The resource http://localhost:3000/assets/logo-black.png was preloaded using link preload but not used within a few seconds from the window's load event. Please make sure it has an appropriate `as` value and it is preloaded intentionally. @ http://localhost:3000/:0
[   17448ms] [WARNING] The resource http://localhost:3000/assets/logo-black.png was preloaded using link preload but not used within a few seconds from the window's load event. Please make sure it has an appropriate `as` value and it is preloaded intentionally. @ http://localhost:3000/:0
[   25832ms] [LOG] [KB_DEBUG] key: ArrowDown stage: 0 @ webpack-internal:///(app-pages-browser)/./app/HomeClient.js:254
[   25834ms] [LOG] [KB_DEBUG] after advance, stage: 1 @ webpack-internal:///(app-pages-browser)/./app/HomeClient.js:262
[  181306ms] [LOG] [KB_DEBUG] key: ArrowDown stage: 1 @ webpack-internal:///(app-pages-browser)/./app/HomeClient.js:254
[  181316ms] [LOG] [KB_DEBUG] after advance, stage: 2 @ webpack-internal:///(app-pages-browser)/./app/HomeClient.js:262
[  222978ms] [LOG] [KB_DEBUG] key: PageDown stage: 2 @ webpack-internal:///(app-pages-browser)/./app/HomeClient.js:254
[  222980ms] [LOG] [KB_DEBUG] after advance, stage: 3 @ webpack-internal:///(app-pages-browser)/./app/HomeClient.js:262
[  248221ms] [LOG] [KB_DEBUG] key:   stage: 3 @ webpack-internal:///(app-pages-browser)/./app/HomeClient.js:254
[  248278ms] [LOG] [KB_DEBUG] after advance, stage: 4 @ webpack-internal:///(app-pages-browser)/./app/HomeClient.js:262
[  340248ms] [WARNING] The resource http://localhost:3000/assets/logo-black.png was preloaded using link preload but not used within a few seconds from the window's load event. Please make sure it has an appropriate `as` value and it is preloaded intentionally. @ http://localhost:3000/:0
[  346759ms] [WARNING] The resource http://localhost:3000/assets/logo-black.png was preloaded using link preload but not used within a few seconds from the window's load event. Please make sure it has an appropriate `as` value and it is preloaded intentionally. @ http://localhost:3000/:0
[  348821ms] [INFO] %cDownload the React DevTools for a better development experience: https://react.dev/link/react-devtools font-weight:bold @ webpack-internal:///(app-pages-browser)/./node_modules/next/dist/compiled/react-dom/cjs/react-dom-client.development.js:25630
[  350643ms] [LOG] [KB_DEBUG] key: ArrowDown stage: 0 @ webpack-internal:///(app-pages-browser)/./app/HomeClient.js:254
[  350645ms] [LOG] [KB_DEBUG] after advance, stage: 1 @ webpack-internal:///(app-pages-browser)/./app/HomeClient.js:262
[  350958ms] [LOG] [KB_DEBUG] key: PageDown stage: 1 @ webpack-internal:///(app-pages-browser)/./app/HomeClient.js:254
[  350961ms] [LOG] [KB_DEBUG] after advance, stage: 2 @ webpack-internal:///(app-pages-browser)/./app/HomeClient.js:262
[  351264ms] [LOG] [KB_DEBUG] key:   stage: 2 @ webpack-internal:///(app-pages-browser)/./app/HomeClient.js:254
[  351278ms] [LOG] [KB_DEBUG] after advance, stage: 3 @ webpack-internal:///(app-pages-browser)/./app/HomeClient.js:262
[  351582ms] [LOG] [KB_DEBUG] key: ArrowDown stage: 3 @ webpack-internal:///(app-pages-browser)/./app/HomeClient.js:254
[  351597ms] [LOG] [KB_DEBUG] after advance, stage: 4 @ webpack-internal:///(app-pages-browser)/./app/HomeClient.js:262
[  353695ms] [INFO] %cDownload the React DevTools for a better development experience: https://react.dev/link/react-devtools font-weight:bold @ webpack-internal:///(app-pages-browser)/./node_modules/next/dist/compiled/react-dom/cjs/react-dom-client.development.js:25630
[  360907ms] [WARNING] The resource http://localhost:3000/assets/logo-black.png was preloaded using link preload but not used within a few seconds from the window's load event. Please make sure it has an appropriate `as` value and it is preloaded intentionally. @ http://localhost:3000/:0
[  441989ms] [INFO] %cDownload the React DevTools for a better development experience: https://react.dev/link/react-devtools font-weight:bold @ webpack-internal:///(app-pages-browser)/./node_modules/next/dist/compiled/react-dom/cjs/react-dom-client.development.js:25630
[  443210ms] [LOG] [KB_DEBUG] key: ArrowDown stage: 0 @ webpack-internal:///(app-pages-browser)/./app/HomeClient.js:254
[  443215ms] [LOG] [KB_DEBUG] after advance, stage: 1 @ webpack-internal:///(app-pages-browser)/./app/HomeClient.js:262
[  443526ms] [LOG] [KB_DEBUG] key: PageDown stage: 1 @ webpack-internal:///(app-pages-browser)/./app/HomeClient.js:254
[  443532ms] [LOG] [KB_DEBUG] after advance, stage: 2 @ webpack-internal:///(app-pages-browser)/./app/HomeClient.js:262
[  443835ms] [LOG] [KB_DEBUG] key:   stage: 2 @ webpack-internal:///(app-pages-browser)/./app/HomeClient.js:254
[  443848ms] [LOG] [KB_DEBUG] after advance, stage: 3 @ webpack-internal:///(app-pages-browser)/./app/HomeClient.js:262
[  444154ms] [LOG] [KB_DEBUG] key: ArrowDown stage: 3 @ webpack-internal:///(app-pages-browser)/./app/HomeClient.js:254
[  444167ms] [LOG] [KB_DEBUG] after advance, stage: 4 @ webpack-internal:///(app-pages-browser)/./app/HomeClient.js:262
[  446286ms] [INFO] %cDownload the React DevTools for a better development experience: https://react.dev/link/react-devtools font-weight:bold @ webpack-internal:///(app-pages-browser)/./node_modules/next/dist/compiled/react-dom/cjs/react-dom-client.development.js:25630
[  449305ms] [INFO] %cDownload the React DevTools for a better development experience: https://react.dev/link/react-devtools font-weight:bold @ webpack-internal:///(app-pages-browser)/./node_modules/next/dist/compiled/react-dom/cjs/react-dom-client.development.js:25630
[  456141ms] [WARNING] The resource http://localhost:3000/assets/logo-black.png was preloaded using link preload but not used within a few seconds from the window's load event. Please make sure it has an appropriate `as` value and it is preloaded intentionally. @ http://localhost:3000/:0
[  484591ms] [LOG] [Fast Refresh] rebuilding @ webpack-internal:///(app-pages-browser)/./node_modules/next/dist/client/dev/hot-reloader/app/hot-reloader-app.js:196
[  486881ms] [LOG] [Fast Refresh] done in 2291ms @ webpack-internal:///(app-pages-browser)/./node_modules/next/dist/client/dev/report-hmr-latency.js:13
[  489896ms] [WARNING] The resource http://localhost:3000/assets/logo-black.png was preloaded using link preload but not used within a few seconds from the window's load event. Please make sure it has an appropriate `as` value and it is preloaded intentionally. @ http://localhost:3000/:0
