[     459ms] [ERROR] Failed to load resource: the server responded with a status of 500 (Internal Server Error) @ http://localhost:3000/:0
[    1032ms] [INFO] %cDownload the React DevTools for a better development experience: https://react.dev/link/react-devtools font-weight:bold @ webpack-internal:///(pages-dir-browser)/./node_modules/react-dom/cjs/react-dom-client.development.js:28004
[    1084ms] Error: Cannot find module './5873.js'
Require stack:
- C:\Users\Milan\Desktop\code v4(inspired)\.next\server\webpack-runtime.js
- C:\Users\Milan\Desktop\code v4(inspired)\.next\server\pages\_document.js
- C:\Users\Milan\Desktop\code v4(inspired)\node_modules\next\dist\server\require.js
- C:\Users\Milan\Desktop\code v4(inspired)\node_modules\next\dist\server\load-components.js
- C:\Users\Milan\Desktop\code v4(inspired)\node_modules\next\dist\build\utils.js
- C:\Users\Milan\Desktop\code v4(inspired)\node_modules\next\dist\build\swc\options.js
- C:\Users\Milan\Desktop\code v4(inspired)\node_modules\next\dist\build\swc\index.js
- C:\Users\Milan\Desktop\code v4(inspired)\node_modules\next\dist\build\analysis\parse-module.js
- C:\Users\Milan\Desktop\code v4(inspired)\node_modules\next\dist\build\analysis\get-page-static-info.js
- C:\Users\Milan\Desktop\code v4(inspired)\node_modules\next\dist\server\lib\router-utils\setup-dev-bundler.js
- C:\Users\Milan\Desktop\code v4(inspired)\node_modules\next\dist\server\lib\router-server.js
- C:\Users\Milan\Desktop\code v4(inspired)\node_modules\next\dist\server\lib\start-server.js
    at Module.<anonymous> (node:internal/modules/cjs/loader:1517:15)
    at <unknown> (file://C:\Users\Milan\Desktop\code v4(inspired)\node_modules\next\dist\server\require-hook.js:57:36)
    at wrapResolveFilename (node:internal/modules/cjs/loader:1071:27)
    at defaultResolveImplForCJSLoading (node:internal/modules/cjs/loader:1095:10)
    at resolveForCJSWithHooks (node:internal/modules/cjs/loader:1122:12)
    at Module._load (node:internal/modules/cjs/loader:1294:5)
    at wrapModuleLoad (node:internal/modules/cjs/loader:255:19)
    at Module.<anonymous> (node:internal/modules/cjs/loader:1617:12)
    at mod.require (file://C:\Users\Milan\Desktop\code v4(inspired)\node_modules\next\dist\server\require-hook.js:68:28)
    at require (node:internal/modules/helpers:153:16)
    at __webpack_require__.f.require (file://C:\Users\Milan\Desktop\code v4(inspired)\.next\server\webpack-runtime.js:190:28)
    at <unknown> (file://C:\Users\Milan\Desktop\code v4(inspired)\.next\server\webpack-runtime.js:103:40)
    at Array.reduce (<anonymous>)
    at __webpack_require__.e (file://C:\Users\Milan\Desktop\code v4(inspired)\.next\server\webpack-runtime.js:102:67)
    at Array.map (<anonymous>)
    at __webpack_require__.X (file://C:\Users\Milan\Desktop\code v4(inspired)\.next\server\webpack-runtime.js:154:22)
    at <unknown> (file://C:\Users\Milan\Desktop\code v4(inspired)\.next\server\app\page.js:2:8825)
    at Object.<anonymous> (file://C:\Users\Milan\Desktop\code v4(inspired)\.next\server\app\page.js:2:8892)
    at Module._compile (node:internal/modules/cjs/loader:1871:14)
    at Object..js (node:internal/modules/cjs/loader:2002:10)
    at Module.load (node:internal/modules/cjs/loader:1594:32)
    at Module._load (node:internal/modules/cjs/loader:1396:12)
    at wrapModuleLoad (node:internal/modules/cjs/loader:255:19)
    at Module.<anonymous> (node:internal/modules/cjs/loader:1617:12)
    at mod.require (file://C:\Users\Milan\Desktop\code v4(inspired)\node_modules\next\dist\server\require-hook.js:68:28)
    at require (node:internal/modules/helpers:153:16)
    at requirePage (file://C:\Users\Milan\Desktop\code v4(inspired)\node_modules\next\dist\server\require.js:99:80)
    at loadComponentsImpl (file://C:\Users\Milan\Desktop\code v4(inspired)\node_modules\next\dist\server\load-components.js:132:57)
    at async DevServer.findPageComponentsImpl (file://C:\Users\Milan\Desktop\code v4(inspired)\node_modules\next\dist\server\next-server.js:900:36)
    at async DevServer.findPageComponents (file://C:\Users\Milan\Desktop\code v4(inspired)\node_modules\next\dist\server\dev\next-dev-server.js:706:16)
    at async DevServer.renderPageComponent (file://C:\Users\Milan\Desktop\code v4(inspired)\node_modules\next\dist\server\base-server.js:1468:24)
    at async DevServer.renderToResponseImpl (file://C:\Users\Milan\Desktop\code v4(inspired)\node_modules\next\dist\server\base-server.js:1522:32)
    at async DevServer.pipeImpl (file://C:\Users\Milan\Desktop\code v4(inspired)\node_modules\next\dist\server\base-server.js:1026:25)
    at async NextNodeServer.handleCatchallRenderRequest (file://C:\Users\Milan\Desktop\code v4(inspired)\node_modules\next\dist\server\next-server.js:394:17)
    at async DevServer.handleRequestImpl (file://C:\Users\Milan\Desktop\code v4(inspired)\node_modules\next\dist\server\base-server.js:917:17)
    at async (file://C:\Users\Milan\Desktop\code v4(inspired)\node_modules\next\dist\server\dev\next-dev-server.js:400:20)
    at async Span.traceAsyncFn (file://C:\Users\Milan\Desktop\code v4(inspired)\node_modules\next\dist\trace\trace.js:157:20)
    at async DevServer.handleRequest (file://C:\Users\Milan\Desktop\code v4(inspired)\node_modules\next\dist\server\dev\next-dev-server.js:396:24)
    at async invokeRender (file://C:\Users\Milan\Desktop\code v4(inspired)\node_modules\next\dist\server\lib\router-server.js:240:21)
    at async handleRequest (file://C:\Users\Milan\Desktop\code v4(inspired)\node_modules\next\dist\server\lib\router-server.js:437:24)
    at async requestHandlerImpl (file://C:\Users\Milan\Desktop\code v4(inspired)\node_modules\next\dist\server\lib\router-server.js:485:13)
    at async Server.requestListener (file://C:\Users\Milan\Desktop\code v4(inspired)\node_modules\next\dist\server\lib\start-server.js:226:13)
[    1075ms] [LOG] [HMR] connected @ webpack-internal:///(pages-dir-browser)/./node_modules/next/dist/client/dev/hot-reloader/pages/websocket.js:45
[   98403ms] [ERROR] WebSocket connection to 'ws://localhost:3000/_next/webpack-hmr' failed: Error in connection establishment: net::ERR_CONNECTION_REFUSED @ webpack-internal:///(pages-dir-browser)/./node_modules/next/dist/client/dev/hot-reloader/pages/websocket.js:88
[  104610ms] [LOG] [HMR] connected @ webpack-internal:///(pages-dir-browser)/./node_modules/next/dist/client/dev/hot-reloader/pages/websocket.js:45
[  104663ms] [ERROR] Failed to load resource: the server responded with a status of 404 (Not Found) @ http://localhost:3000/_next/static/webpack/68e4e5d0bfd780d7.webpack.hot-update.json:0
[  104663ms] [WARNING] [Fast Refresh] performing full reload because your application had an unrecoverable error @ webpack-internal:///(pages-dir-browser)/./node_modules/next/dist/client/dev/hot-reloader/pages/hot-reloader-pages.js:347
[  105544ms] [LOG] [Fast Refresh] rebuilding @ webpack-internal:///(pages-dir-browser)/./node_modules/next/dist/client/dev/hot-reloader/pages/hot-reloader-pages.js:206
[  109303ms] [ERROR] Failed to load resource: the server responded with a status of 404 (Not Found) @ http://localhost:3000/_next/static/webpack/68e4e5d0bfd780d7.webpack.hot-update.json:0
[  109304ms] [WARNING] [Fast Refresh] performing full reload because your application had an unrecoverable error @ webpack-internal:///(pages-dir-browser)/./node_modules/next/dist/client/dev/hot-reloader/pages/hot-reloader-pages.js:347
[  111852ms] [INFO] %cDownload the React DevTools for a better development experience: https://react.dev/link/react-devtools font-weight:bold @ webpack-internal:///(app-pages-browser)/./node_modules/next/dist/compiled/react-dom/cjs/react-dom-client.development.js:25630
[  115152ms] [WARNING] The resource http://localhost:3000/assets/logo-black.png was preloaded using link preload but not used within a few seconds from the window's load event. Please make sure it has an appropriate `as` value and it is preloaded intentionally. @ http://localhost:3000/:0
